// Jest Snapshot v1, https://goo.gl/fbAQLP

exports[`ShopPage component should render ShopPage component 1`] = `ReactWrapper {}`;
