// Jest Snapshot v1, https://goo.gl/fbAQLP

exports[`CollectionPage component should render the CollectionPage component 1`] = `ShallowWrapper {}`;
